// Jest Snapshot v1, https://goo.gl/fbAQLP

exports[`<ButtonDefault /> should match snapshot 1`] = `
<button
  className="sc-bczRLJ wJsfp"
  color="#fff"
  height={80}
  role="button"
  size={18}
  width={180}
>
  <span>
    Default
  </span>
  <img
    alt="Default"
    role="icon"
    src="/icons/check.svg"
  />
</button>
`;
